Copyright 1986-2022 Xilinx, Inc. All Rights Reserved. Copyright 2022-2024 Advanced Micro Devices, Inc. All Rights Reserved.
---------------------------------------------------------------------------------------------------------------------------------------------
| Tool Version : Vivado v.2024.2 (lin64) Build 5239630 Fri Nov 08 22:34:34 MST 2024
| Date         : Mon May 18 14:37:14 2026
| Host         : synthara-Super-Server running 64-bit Ubuntu 22.04.5 LTS
| Command      : report_utilization -file full_util_placed.rpt -pb full_util_placed.pb
| Design       : vitis_design_wrapper
| Device       : xcve2802-vsvh1760-2MP-e-S
| Speed File   : -2MP
| Design State : Fully Placed
---------------------------------------------------------------------------------------------------------------------------------------------

Utilization Design Information

Table of Contents
-----------------
1. Netlist Logic
2. CLB Distribution
3. BLOCKRAM
4. ARITHMETIC
5. I/O
6. CLOCK
7. NOC Interfaces
8. AI Engines
9. ADVANCED
10. Primitives
11. Black Boxes
12. Instantiated Netlists

1. Netlist Logic
----------------

+----------------------------+--------+-------+------------+-----------+-------+
|          Site Type         |  Used  | Fixed | Prohibited | Available | Util% |
+----------------------------+--------+-------+------------+-----------+-------+
| Registers                  | 482297 |     0 |          0 |   1041408 | 46.31 |
|   Register as Flip Flop    | 482297 |     0 |          0 |   1041408 | 46.31 |
|   Register as Latch        |      0 |     0 |          0 |   1041408 |  0.00 |
| CLB LUTs                   | 224344 |     0 |          0 |    520704 | 43.08 |
|   LUT as Logic             | 222609 |     0 |          0 |    520704 | 42.75 |
|   LUT as Memory            |   1735 |     0 |          0 |    260352 |  0.67 |
|     LUT as Distributed RAM |   1248 |     0 |            |           |       |
|     LUT as Shift Register  |    487 |     0 |            |           |       |
|       Variable Length SRL  |    449 |     0 |            |           |       |
|       Fixed Length SRL     |     38 |     0 |            |           |       |
| LOOKAHEAD8                 |   4227 |     0 |          0 |     65088 |  6.49 |
+----------------------------+--------+-------+------------+-----------+-------+
* Warning! LUT value is adjusted to account for LUT combining.


2. CLB Distribution
-------------------

+-----------------------------------------------+--------+-------+------------+-----------+-------+
|                   Site Type                   |  Used  | Fixed | Prohibited | Available | Util% |
+-----------------------------------------------+--------+-------+------------+-----------+-------+
| SLICE                                         |  54071 |     0 |          0 |     65088 | 83.07 |
|   SLICEL                                      |  27131 |     0 |            |           |       |
|   SLICEM                                      |  26940 |     0 |            |           |       |
|      using Distributed RAM or Shift Registers |    252 |     0 |            |           |       |
| CLB LUTs                                      | 224344 |     0 |          0 |    520704 | 43.08 |
|    using CASCADE                              |  28191 |     0 |            |           |       |
|   LUT as Logic                                | 222609 |     0 |          0 |    520704 | 42.75 |
|     single output                             | 106230 |       |            |           |       |
|     dual output                               | 116379 |       |            |           |       |
|   LUT as Memory                               |   1735 |     0 |          0 |    260352 |  0.67 |
|     LUT as Distributed RAM                    |   1248 |     0 |            |           |       |
|       single output                           |   1184 |       |            |           |       |
|       dual output                             |     64 |       |            |           |       |
|     LUT as Shift Register                     |    487 |     0 |            |           |       |
|       single output                           |    439 |       |            |           |       |
|       dual output                             |     48 |       |            |           |       |
| CLB Registers                                 | 482297 |     0 |          0 |   1041408 | 46.31 |
|   Register driven from within the CLB         | 183754 |       |            |           |       |
|   Register driven from outside the CLB        | 298543 |       |            |           |       |
|     LUT in front of the register is unused    | 245520 |       |            |           |       |
|     LUT in front of the register is used      |  53023 |       |            |           |       |
| CLB Imux registers                            |      0 |     0 |            |           |       |
|   Pipelining                                  |      0 |       |            |           |       |
| Unique Control Sets                           |   1426 |       |          0 |    130176 |  1.10 |
+-----------------------------------------------+--------+-------+------------+-----------+-------+
* * Note: Available Control Sets calculated as Slices * 2, Review the Control Sets Report for more information regarding control sets.


3. BLOCKRAM
-----------

+--------------------------+------+-------+------------+-----------+-------+
|         Site Type        | Used | Fixed | Prohibited | Available | Util% |
+--------------------------+------+-------+------------+-----------+-------+
| Block RAM Tile           |  150 |     0 |          0 |       600 | 25.00 |
|   RAMB36E5               |  133 |     0 |          0 |       600 | 22.17 |
|   RAMB18E5*              |   34 |     0 |          0 |      1200 |  2.83 |
| Block RAM Imux registers |    0 |     0 |            |           |       |
|   Pipelining             |    0 |       |            |           |       |
| URAM                     |    0 |     0 |          0 |       264 |  0.00 |
| URAM Imux registers      |    0 |     0 |            |           |       |
|   Pipelining             |    0 |       |            |           |       |
+--------------------------+------+-------+------------+-----------+-------+
* Note: Each RAMB18 is counted as 0.5 Block RAM tiles


4. ARITHMETIC
-------------

+--------------------+------+-------+------------+-----------+-------+
|      Site Type     | Used | Fixed | Prohibited | Available | Util% |
+--------------------+------+-------+------------+-----------+-------+
| DSP Slices         | 1057 |     0 |          0 |      1312 | 80.56 |
|   DSP58            | 1055 |     0 |            |           |       |
|   DSPCPLX          |    0 |     0 |            |           |       |
|   DSPFP32          |    2 |     0 |            |           |       |
|   DSP48E5          |    0 |     0 |            |           |       |
| DSP Imux registers |    0 |     0 |            |           |       |
|   Pipelining       |    0 |       |            |           |       |
+--------------------+------+-------+------------+-----------+-------+


5. I/O
------

+------------+------+-------+------------+-----------+-------+
|  Site Type | Used | Fixed | Prohibited | Available | Util% |
+------------+------+-------+------------+-----------+-------+
| Bonded IOB |  336 |   336 |          0 |       530 | 63.40 |
|   XPIO IOB |  336 |   336 |          0 |       486 | 69.14 |
|     INPUT  |    6 |       |            |           |       |
|     OUTPUT |   66 |       |            |           |       |
|     BIDIR  |  264 |       |            |           |       |
|   HDIO IOB |    0 |     0 |          0 |        44 |  0.00 |
+------------+------+-------+------------+-----------+-------+
* Note: Refer to report_io for information on MIO pins.


6. CLOCK
--------

+------------------------+------+-------+------------+-----------+-------+
|        Site Type       | Used | Fixed | Prohibited | Available | Util% |
+------------------------+------+-------+------------+-----------+-------+
| BUFGCE_DIV/MBUFGCE_DIV |    0 |     0 |          0 |        28 |  0.00 |
| BUFG_PS/MBUFG_PS       |    1 |     0 |          0 |        36 |  2.78 |
| BUFG_GT/MBUFG_GT       |    0 |     0 |          0 |       120 |  0.00 |
| BUFGCE/MBUFGCE         |    3 |     0 |          0 |       224 |  1.34 |
| BUFGCTRL/MBUFGCTRL*    |    0 |     0 |          0 |        56 |  0.00 |
| BUFG_FABRIC            |    1 |     0 |          0 |       288 |  0.35 |
| DPLL                   |    0 |     0 |          0 |        19 |  0.00 |
| XPLL                   |    6 |     6 |          0 |        18 | 33.33 |
| MMCM                   |    1 |     0 |          0 |         9 | 11.11 |
+------------------------+------+-------+------------+-----------+-------+
* Note: Each used BUFGCTRL/MBUFGCTRL counts as two GLOBAL CLOCK BUFFERs. This table does not include global clocking resources, only buffer cell usage. See the Clock Utilization Report (report_clock_utilization) for detailed accounting of global clocking resource availability.


7. NOC Interfaces
-----------------

+--------------------+------+-------+------------+-----------+-------+
|      Site Type     | Used | Fixed | Prohibited | Available | Util% |
+--------------------+------+-------+------------+-----------+-------+
| NOC Master 512 bit |    2 |     0 |          0 |        21 |  9.52 |
| NOC Slave 512 bit  |    0 |     0 |          0 |        21 |  0.00 |
| NOC Master 128 bit |    8 |     0 |          0 |        22 | 36.36 |
| NOC Slave 128 bit  |    1 |     0 |          0 |        18 |  5.56 |
+--------------------+------+-------+------------+-----------+-------+


8. AI Engines
-------------

+------------------+------+-------+------------+-----------+-------+
|     Site Type    | Used | Fixed | Prohibited | Available | Util% |
+------------------+------+-------+------------+-----------+-------+
| AI ML Engines    |    0 |     0 |          0 |       304 |  0.00 |
| AI ML PL Master  |    0 |     0 |          0 |       168 |  0.00 |
| AI ML PL Slave   |    0 |     0 |          0 |       224 |  0.00 |
| AI ML NOC Master |    0 |     0 |          0 |        12 |  0.00 |
| AI ML NOC Slave  |    1 |     0 |          0 |        12 |  8.33 |
+------------------+------+-------+------------+-----------+-------+


9. ADVANCED
-----------

+--------------------+------+-------+------------+-----------+--------+
|      Site Type     | Used | Fixed | Prohibited | Available |  Util% |
+--------------------+------+-------+------------+-----------+--------+
| CPM5               |    0 |     0 |          0 |         1 |   0.00 |
| DDRMC              |    3 |     3 |          0 |         3 | 100.00 |
| DDRMC_RIU          |    3 |     3 |          0 |         3 | 100.00 |
| GTYP_QUAD          |    0 |     0 |          0 |         8 |   0.00 |
| MRMAC              |    0 |     0 |          0 |         2 |   0.00 |
| NPI_NIR            |    0 |     0 |          0 |         1 |   0.00 |
| OBUFDS_GTE5        |    0 |     0 |          0 |        16 |   0.00 |
| OBUFDS_GTE5_ADV    |    0 |     0 |          0 |        16 |   0.00 |
| OBUFTDS_COMP       |    0 |     0 |          0 |       243 |   0.00 |
| PCIE50E5           |    0 |     0 |          0 |         4 |   0.00 |
| PS9                |    1 |     1 |          0 |         1 | 100.00 |
| VDU                |    0 |     0 |          0 |         4 |   0.00 |
| BLI Registers      |    0 |     0 |          0 |     54752 |   0.00 |
| BLI Imux Registers |    0 |     0 |            |           |        |
|   Pipelining       |    0 |     0 |            |           |        |
| ADVANCED Imux      |    0 |     0 |            |           |        |
+--------------------+------+-------+------------+-----------+--------+


10. Primitives
--------------

+------------------+--------+---------------------+
|     Ref Name     |  Used  | Functional Category |
+------------------+--------+---------------------+
| FDRE             | 467586 |            Register |
| LUT3             | 145736 |                 CLB |
| LUT6             |  96129 |                 CLB |
| LUTCY2           |  29511 |                 CLB |
| LUTCY1           |  29511 |                 CLB |
| LUT5             |  20151 |                 CLB |
| LUT4             |  15024 |                 CLB |
| FDSE             |  14585 |            Register |
| LOOKAHEAD8       |   4227 |                 CLB |
| LUT2             |   2647 |                 CLB |
| RAMD64E5         |   1088 |                 CLB |
| DSP58            |   1055 |          Arithmetic |
| SRLC32E          |    387 |                 CLB |
| LUT1             |    279 |                 CLB |
| IOBUF            |    216 |                 I/O |
| SRL16E           |    148 |                 CLB |
| RAMB36E5_INT     |    133 |            BLOCKRAM |
| RAMD32           |    128 |                 CLB |
| FDCE             |    126 |            Register |
| RAMS64E5         |     96 |                 CLB |
| XPHY             |     54 |                 I/O |
| OBUF             |     54 |                 I/O |
| XPIO_VREF        |     48 |                 I/O |
| RAMB18E5_INT     |     34 |            BLOCKRAM |
| IOBUFDS_COMP     |     24 |                 I/O |
| NOC_NMU128       |      8 |            Advanced |
| XPLL             |      6 |               Clock |
| OBUFDS           |      6 |                 I/O |
| IBUFDS           |      3 |                 I/O |
| DDRMC_RIU        |      3 |            Advanced |
| DDRMC            |      3 |            Advanced |
| BUFGCE           |      3 |               Clock |
| NOC_NMU512       |      2 |            Advanced |
| DSPFP32          |      2 |          Arithmetic |
| PS9              |      1 |            Advanced |
| NOC_NSU128       |      1 |            Advanced |
| MMCME5           |      1 |               Clock |
| BUFG_PS          |      1 |               Clock |
| BUFG_FABRIC      |      1 |               Clock |
| AIE_ML_NOC_S_AXI |      1 |              Others |
+------------------+--------+---------------------+


11. Black Boxes
---------------

+------------------------------------------------------+------+
|                       Ref Name                       | Used |
+------------------------------------------------------+------+
| vitis_design_icn_ctrl_2_0_sc_node_v1_0_17_mi_handler |    1 |
+------------------------------------------------------+------+


12. Instantiated Netlists
-------------------------

+---------------------------------+------+
|             Ref Name            | Used |
+---------------------------------+------+
| vitis_design_rtda_split_top_1_0 |    1 |
| vitis_design_psr_150mhz_0       |    1 |
| vitis_design_psr_100mhz_0       |    1 |
| vitis_design_noc_lpddr4_1       |    1 |
| vitis_design_noc_lpddr4_0_0     |    1 |
| vitis_design_icn_ctrl_2_0       |    1 |
| vitis_design_icn_ctrl_1_0       |    1 |
| vitis_design_clk_wizard_0_0     |    1 |
| vitis_design_cips_noc_0         |    1 |
| vitis_design_axi_intc_parent_0  |    1 |
| vitis_design_aggr_noc_0         |    1 |
| vitis_design_ConfigNoc_0        |    1 |
| bd_e87b_MC1_ddrc_0_phy          |    1 |
| bd_e87b_MC0_ddrc_0_phy          |    1 |
| bd_9a4a_MC0_ddrc_0_phy          |    1 |
+---------------------------------+------+


