Copyright 1986-2022 Xilinx, Inc. All Rights Reserved. Copyright 2022-2024 Advanced Micro Devices, Inc. All Rights Reserved.
-----------------------------------------------------------------------------------------------------------------------------------------------------------------------------------------------------------
| Tool Version : Vivado v.2024.2 (lin64) Build 5239630 Fri Nov 08 22:34:34 MST 2024
| Date         : Mon May 18 14:23:20 2026
| Host         : synthara-Super-Server running 64-bit Ubuntu 22.04.5 LTS
| Command      : report_accelerator_utilization -kernels { rtda_split_top:vitis_design_i/VitisRegion/rtda_split_top_1/inst:rtda_split_top_1} -file kernel_util_synthed.rpt -name kernel_util_synthed -json
| Design       : vitis_design_wrapper
| Device       : xcve2802
| Design State : Synthesized
-----------------------------------------------------------------------------------------------------------------------------------------------------------------------------------------------------------

Accelerator Utilization Design Information

Table of Contents
-----------------
1. System Utilization

1. System Utilization
---------------------

+---------------------+-------------------+------------------+------------------+---------------+---------------+----------------+
| Name                | REG               | LUT              | LUTAsMem         | BRAM          | URAM          | DSP            |
+---------------------+-------------------+------------------+------------------+---------------+---------------+----------------+
| Platform            |    3483 [  0.33%] |   1666 [  0.32%] |     11 [ <0.01%] |   0 [  0.00%] |   0 [  0.00%] |    0 [  0.00%] |
| User Budget         | 1037925 [100.00%] | 519038 [100.00%] | 260341 [100.00%] | 600 [100.00%] | 264 [100.00%] | 1312 [100.00%] |
|    Used Resources   |  481593 [ 46.40%] | 229611 [ 44.24%] |   1932 [  0.74%] | 150 [ 25.00%] |   0 [  0.00%] | 1057 [ 80.56%] |
|    Unused Resources |  556332 [ 53.60%] | 289427 [ 55.76%] | 258409 [ 99.26%] | 450 [ 75.00%] | 264 [100.00%] |  255 [ 19.44%] |
| rtda_split_top      |  481593 [ 46.40%] | 229611 [ 44.24%] |   1932 [  0.74%] | 150 [ 25.00%] |   0 [  0.00%] | 1057 [ 80.56%] |
|    rtda_split_top_1 |  481593 [ 46.40%] | 229611 [ 44.24%] |   1932 [  0.74%] | 150 [ 25.00%] |   0 [  0.00%] | 1057 [ 80.56%] |
+---------------------+-------------------+------------------+------------------+---------------+---------------+----------------+


