Copyright 1986-2022 Xilinx, Inc. All Rights Reserved. Copyright 2022-2024 Advanced Micro Devices, Inc. All Rights Reserved.
---------------------------------------------------------------------------------------------------------------------------------------------------------------------------------------------------------
| Tool Version : Vivado v.2024.2 (lin64) Build 5239630 Fri Nov 08 22:34:34 MST 2024
| Date         : Mon May 18 14:52:49 2026
| Host         : synthara-Super-Server running 64-bit Ubuntu 22.04.5 LTS
| Command      : report_accelerator_utilization -kernels { rtda_split_top:vitis_design_i/VitisRegion/rtda_split_top_1/inst:rtda_split_top_1} -file kernel_util_routed.rpt -name kernel_util_routed -json
| Design       : vitis_design_wrapper
| Device       : xcve2802
| Design State : Fully Placed
---------------------------------------------------------------------------------------------------------------------------------------------------------------------------------------------------------

Accelerator Utilization Design Information

Table of Contents
-----------------
1. System Utilization

1. System Utilization
---------------------

+---------------------+-------------------+------------------+------------------+---------------+---------------+----------------+
| Name                | REG               | LUT              | LUTAsMem         | BRAM          | URAM          | DSP            |
+---------------------+-------------------+------------------+------------------+---------------+---------------+----------------+
| Platform            |    1890 [  0.18%] |   1240 [  0.24%] |      6 [ <0.01%] |   0 [  0.00%] |   0 [  0.00%] |    0 [  0.00%] |
| User Budget         | 1039518 [100.00%] | 519464 [100.00%] | 260346 [100.00%] | 600 [100.00%] | 264 [100.00%] | 1312 [100.00%] |
|    Used Resources   |  480407 [ 46.21%] | 223104 [ 42.95%] |   1729 [  0.66%] | 150 [ 25.00%] |   0 [  0.00%] | 1057 [ 80.56%] |
|    Unused Resources |  559111 [ 53.79%] | 296360 [ 57.05%] | 258617 [ 99.34%] | 450 [ 75.00%] | 264 [100.00%] |  255 [ 19.44%] |
| rtda_split_top      |  480407 [ 46.21%] | 223104 [ 42.95%] |   1729 [  0.66%] | 150 [ 25.00%] |   0 [  0.00%] | 1057 [ 80.56%] |
|    rtda_split_top_1 |  480407 [ 46.21%] | 223104 [ 42.95%] |   1729 [  0.66%] | 150 [ 25.00%] |   0 [  0.00%] | 1057 [ 80.56%] |
+---------------------+-------------------+------------------+------------------+---------------+---------------+----------------+


